// Jest Snapshot v1, https://goo.gl/fbAQLP

exports[`Post component should match exact snapshot 1`] = `ShallowWrapper {}`;
